// Jest Snapshot v1, https://goo.gl/fbAQLP

exports[`contracts error-response snapshots 400 validation error shape 1`] = `
{
  "error": {
    "code": "validation_error",
    "details": [
      {
        "code": "invalid_type",
        "message": "Expected number, received string",
        "path": [
          "contracts",
          "0",
          "amount",
        ],
      },
    ],
    "message": "Request validation failed",
    "requestId": "req-c-001",
  },
}
`;

exports[`contracts error-response snapshots 404 not-found error shape 1`] = `
{
  "error": {
    "code": "not_found",
    "message": "Contract not found",
    "requestId": "req-c-002",
  },
}
`;

exports[`contracts error-response snapshots 409 conflict error shape 1`] = `
{
  "error": {
    "code": "conflict",
    "message": "Contract already exists and cannot be created again",
    "requestId": "req-c-003",
  },
}
`;

exports[`contracts error-response snapshots 500 internal-server-error shape 1`] = `
{
  "error": {
    "code": "internal_error",
    "message": "An unexpected error occurred",
    "requestId": "req-c-004",
  },
}
`;
